15000 main
15001 C:\Tata\Audio\Glazba\ProfilKlett\Glazbena petica_Glazbeni primjeri 1\01 Track 1.mp3
15002 C:\Tata\Audio\Glazba\ProfilKlett\Glazbena petica_Glazbeni primjeri 1\02 Track 2.mp3
15003 C:\Tata\Audio\Glazba\ProfilKlett\Glazbena petica_Glazbeni primjeri 1\03 Track 3.mp3
15004 C:\Tata\Audio\Glazba\ProfilKlett\Glazbena petica_Glazbeni primjeri 1\04 Track 4.mp3
15005 C:\Tata\Audio\Glazba\ProfilKlett\Glazbena petica_Glazbeni primjeri 1\05 Track 5.mp3
15006 C:\Tata\Audio\Glazba\ProfilKlett\Glazbena petica_Glazbeni primjeri 1\06 Track 6.mp3
15007 C:\Tata\Audio\Glazba\ProfilKlett\Glazbena petica_Glazbeni primjeri 1\07 Track 7.mp3
15008 C:\Tata\Audio\Glazba\ProfilKlett\Glazbena petica_Glazbeni primjeri 1\08 Track 8.mp3
15009 C:\Tata\Audio\Glazba\ProfilKlett\Glazbena petica_Glazbeni primjeri 1\09 Track 9.mp3
15010 C:\Tata\Audio\Glazba\ProfilKlett\Glazbena petica_Glazbeni primjeri 1\10 Track 10.mp3
15011 C:\Tata\Audio\Glazba\ProfilKlett\Glazbena petica_Glazbeni primjeri 1\11 Track 11.mp3
15012 C:\Tata\Audio\Glazba\ProfilKlett\Glazbena petica_Glazbeni primjeri 1\12 Track 12.mp3
15013 C:\Tata\Audio\Glazba\ProfilKlett\Glazbena petica_Glazbeni primjeri 1\13 Track 13.mp3
15014 C:\Tata\Audio\Glazba\ProfilKlett\Glazbena petica_Glazbeni primjeri 1\14 Track 14.mp3
15015 C:\Tata\Audio\Glazba\ProfilKlett\Glazbena petica_Glazbeni primjeri 1\15 Track 15.mp3
15016 C:\Tata\Audio\Glazba\ProfilKlett\Glazbena petica_Glazbeni primjeri 1\16 Track 16.mp3
15017 C:\Tata\Audio\Glazba\ProfilKlett\Glazbena petica_Glazbeni primjeri 1\17 Track 17.mp3
15018 C:\Tata\Audio\Glazba\ProfilKlett\Glazbena petica_Glazbeni primjeri 1\18 Track 18.mp3
15019 C:\Tata\Audio\Glazba\ProfilKlett\Glazbena petica_Glazbeni primjeri 1\19 Track 19.mp3
15020 C:\Tata\Audio\Glazba\ProfilKlett\Glazbena petica_Glazbeni primjeri 1\20 Track 20.mp3
15021 C:\Tata\Audio\Glazba\ProfilKlett\Glazbena petica_Glazbeni primjeri 1\21 Track 21.mp3
15022 C:\Tata\Audio\Glazba\ProfilKlett\Glazbena petica_Glazbeni primjeri 1\22 Track 22.mp3
15023 C:\Tata\Audio\Glazba\ProfilKlett\Glazbena petica_Glazbeni primjeri 1\23 Track 23.mp3
15024 C:\Tata\Audio\Glazba\ProfilKlett\Glazbena petica_Glazbeni primjeri 1\24 Track 24.mp3
15025 C:\Tata\Audio\Glazba\ProfilKlett\Glazbena petica_Glazbeni primjeri 1\25 Track 25.mp3
15026 C:\Tata\Audio\Glazba\ProfilKlett\Glazbena petica_Glazbeni primjeri 1\26 Track 26.mp3
15027 C:\Tata\Audio\Glazba\ProfilKlett\Glazbena petica_Glazbeni primjeri 2\01 Track 1.mp3
15028 C:\Tata\Audio\Glazba\ProfilKlett\Glazbena petica_Glazbeni primjeri 2\02 Track 2.mp3
15029 C:\Tata\Audio\Glazba\ProfilKlett\Glazbena petica_Glazbeni primjeri 2\03 Track 3.mp3
15030 C:\Tata\Audio\Glazba\ProfilKlett\Glazbena petica_Glazbeni primjeri 2\04 Track 4.mp3
15031 C:\Tata\Audio\Glazba\ProfilKlett\Glazbena petica_Glazbeni primjeri 2\05 Track 5.mp3
15032 C:\Tata\Audio\Glazba\ProfilKlett\Glazbena petica_Glazbeni primjeri 2\06 Track 6.mp3
15033 C:\Tata\Audio\Glazba\ProfilKlett\Glazbena petica_Glazbeni primjeri 2\07 Track 7.mp3
15034 C:\Tata\Audio\Glazba\ProfilKlett\Glazbena petica_Glazbeni primjeri 2\08 Track 8.mp3
15035 C:\Tata\Audio\Glazba\ProfilKlett\Glazbena petica_Glazbeni primjeri 2\09 Track 9.mp3
15036 C:\Tata\Audio\Glazba\ProfilKlett\Glazbena petica_Glazbeni primjeri 2\10 Track 10.mp3
15037 C:\Tata\Audio\Glazba\ProfilKlett\Glazbena petica_Glazbeni primjeri 2\11 Track 11.mp3
15038 C:\Tata\Audio\Glazba\ProfilKlett\Glazbena petica_Glazbeni primjeri 2\12 Track 12.mp3
15039 C:\Tata\Audio\Glazba\ProfilKlett\Glazbena petica_Glazbeni primjeri 2\13 Track 13.mp3
15040 C:\Tata\Audio\Glazba\ProfilKlett\Glazbena petica_Glazbeni primjeri 2\14 Track 14.mp3
15041 C:\Tata\Audio\Glazba\ProfilKlett\Glazbena petica_Glazbeni primjeri 2\15 Track 15.mp3
15042 C:\Tata\Audio\Glazba\ProfilKlett\Glazbena petica_Glazbeni primjeri 2\16 Track 16.mp3
15043 C:\Tata\Audio\Glazba\ProfilKlett\Glazbena petica_Glazbeni primjeri 2\17 Track 17.mp3
15044 C:\Tata\Audio\Glazba\ProfilKlett\Glazbena petica_Glazbeni primjeri 2\18 Track 18.mp3
15045 C:\Tata\Audio\Glazba\ProfilKlett\Glazbena petica_Glazbeni primjeri 2\19 Track 19.mp3
15046 C:\Tata\Audio\Glazba\ProfilKlett\Glazbena petica_Glazbeni primjeri 2\20 Track 20.mp3
15047 C:\Tata\Audio\Glazba\ProfilKlett\Glazbena petica_Glazbeni primjeri 2\21 Track 21.mp3
15048 C:\Tata\Audio\Glazba\ProfilKlett\Glazbena petica_Glazbeni primjeri 2\22 Track 22.mp3
15049 C:\Tata\Audio\Glazba\ProfilKlett\Glazbena petica_Glazbeni primjeri 2\23 Track 23.mp3
15050 C:\Tata\Audio\Glazba\ProfilKlett\Glazbena petica_Glazbeni primjeri 2\24 Track 24.mp3
15051 C:\Tata\Audio\Glazba\ProfilKlett\Glazbena petica_Glazbeni primjeri 2\25 Track 25.mp3
15052 C:\Tata\Audio\Glazba\ProfilKlett\Glazbena petica_Glazbeni primjeri 3\01 Track 1.mp3
15053 C:\Tata\Audio\Glazba\ProfilKlett\Glazbena petica_Glazbeni primjeri 3\02 Track 2.mp3
15054 C:\Tata\Audio\Glazba\ProfilKlett\Glazbena petica_Glazbeni primjeri 3\03 Track 3.mp3
15055 C:\Tata\Audio\Glazba\ProfilKlett\Glazbena petica_Glazbeni primjeri 3\04 Track 4.mp3
15056 C:\Tata\Audio\Glazba\ProfilKlett\Glazbena petica_Glazbeni primjeri 3\05 Track 5.mp3
15057 C:\Tata\Audio\Glazba\ProfilKlett\Glazbena petica_Glazbeni primjeri 3\06 Track 6.mp3
15058 C:\Tata\Audio\Glazba\ProfilKlett\Glazbena petica_Glazbeni primjeri 3\07 Track 7.mp3
15059 C:\Tata\Audio\Glazba\ProfilKlett\Glazbena petica_Glazbeni primjeri 3\08 Track 8.mp3
15060 C:\Tata\Audio\Glazba\ProfilKlett\Glazbena petica_Glazbeni primjeri 3\09 Track 9.mp3
15061 C:\Tata\Audio\Glazba\ProfilKlett\Glazbena petica_Glazbeni primjeri 3\10 Track 10.mp3
15062 C:\Tata\Audio\Glazba\ProfilKlett\Glazbena petica_Glazbeni primjeri 3\11 Track 11.mp3
15063 C:\Tata\Audio\Glazba\ProfilKlett\Glazbena petica_Glazbeni primjeri 3\12 Track 12.mp3
15064 C:\Tata\Audio\Glazba\ProfilKlett\Glazbena petica_Glazbeni primjeri 3\13 Track 13.mp3
15065 C:\Tata\Audio\Glazba\ProfilKlett\Glazbena petica_Glazbeni primjeri 3\14 Track 14.mp3
15066 C:\Tata\Audio\Glazba\ProfilKlett\Glazbena petica_Glazbeni primjeri 3\15 Track 15.mp3
15067 C:\Tata\Audio\Glazba\ProfilKlett\Glazbena petica_Glazbeni primjeri 3\16 Track 16.mp3
15068 C:\Tata\Audio\Glazba\ProfilKlett\Glazbena petica_Glazbeni primjeri 3\17 Track 17.mp3
15069 C:\Tata\Audio\Glazba\ProfilKlett\Glazbena petica_Glazbeni primjeri 3\18 Track 18.mp3
15070 C:\Tata\Audio\Glazba\ProfilKlett\Glazbena petica_Glazbeni primjeri 3\19 Track 19.mp3
15071 C:\Tata\Audio\Glazba\ProfilKlett\Glazbena petica_Glazbeni primjeri 3\20 Track 20.mp3
15072 C:\Tata\Audio\Glazba\ProfilKlett\Glazbena petica_Glazbeni primjeri 3\21 Track 21.mp3