15000 main
15001 C:\Tata\Audio\Language\English\New Building Blocks 3_Workbook\01 Track 1.mp3
15002 C:\Tata\Audio\Language\English\New Building Blocks 3_Workbook\02 Track 2.mp3
15003 C:\Tata\Audio\Language\English\New Building Blocks 3_Workbook\03 Track 3.mp3
15004 C:\Tata\Audio\Language\English\New Building Blocks 3_Workbook\04 Track 4.mp3
15005 C:\Tata\Audio\Language\English\New Building Blocks 3_Workbook\05 Track 5.mp3
15006 C:\Tata\Audio\Language\English\New Building Blocks 3_Workbook\06 Track 6.mp3
15007 C:\Tata\Audio\Language\English\New Building Blocks 3_Workbook\07 Track 7.mp3
15008 C:\Tata\Audio\Language\English\New Building Blocks 3_Workbook\08 Track 8.mp3
15009 C:\Tata\Audio\Language\English\New Building Blocks 3_Workbook\09 Track 9.mp3
15010 C:\Tata\Audio\Language\English\New Building Blocks 3_Workbook\10 Track 10.mp3
15011 C:\Tata\Audio\Language\English\New Building Blocks 3_Workbook\11 Track 11.mp3
15012 C:\Tata\Audio\Language\English\New Building Blocks 3_Workbook\12 Track 12.mp3
15013 C:\Tata\Audio\Language\English\New Building Blocks 3_Workbook\13 Track 13.mp3
15014 C:\Tata\Audio\Language\English\New Building Blocks 3_Workbook\14 Track 14.mp3
15015 C:\Tata\Audio\Language\English\New Building Blocks 3_Workbook\15 Track 15.mp3
15016 C:\Tata\Audio\Language\English\New Building Blocks 3_Workbook\16 Track 16.mp3
15017 C:\Tata\Audio\Language\English\New Building Blocks 3_Workbook\17 Track 17.mp3
15018 C:\Tata\Audio\Language\English\New Building Blocks 3_Workbook\18 Track 18.mp3
15019 C:\Tata\Audio\Language\English\New Building Blocks 3_Workbook\19 Track 19.mp3
15020 C:\Tata\Audio\Language\English\New Building Blocks 3_Workbook\20 Track 20.mp3