15000 main
15001 E:\DrSeuss\Dr. Seuss Beginner Book Video - The Cat In The Hat and Maybe you Should Be a Vet!\01-BookTitle.mp3
15002 E:\DrSeuss\Dr. Seuss Beginner Book Video - The Cat In The Hat and Maybe you Should Be a Vet!\02-1.mp3
15003 E:\DrSeuss\Dr. Seuss Beginner Book Video - The Cat In The Hat and Maybe you Should Be a Vet!\03-2 .mp3
15004 E:\DrSeuss\Dr. Seuss Beginner Book Video - The Cat In The Hat and Maybe you Should Be a Vet!\04-5.mp3
15005 E:\DrSeuss\Dr. Seuss Beginner Book Video - The Cat In The Hat and Maybe you Should Be a Vet!\05- 6.mp3
15006 E:\DrSeuss\Dr. Seuss Beginner Book Video - The Cat In The Hat and Maybe you Should Be a Vet!\06-8.mp3
15007 E:\DrSeuss\Dr. Seuss Beginner Book Video - The Cat In The Hat and Maybe you Should Be a Vet!\07-11.mp3
15008 E:\DrSeuss\Dr. Seuss Beginner Book Video - The Cat In The Hat and Maybe you Should Be a Vet!\08-12.mp3
15009 E:\DrSeuss\Dr. Seuss Beginner Book Video - The Cat In The Hat and Maybe you Should Be a Vet!\09-14.mp3
15010 E:\DrSeuss\Dr. Seuss Beginner Book Video - The Cat In The Hat and Maybe you Should Be a Vet!\10-16.mp3
15011 E:\DrSeuss\Dr. Seuss Beginner Book Video - The Cat In The Hat and Maybe you Should Be a Vet!\11-18.mp3
15012 E:\DrSeuss\Dr. Seuss Beginner Book Video - The Cat In The Hat and Maybe you Should Be a Vet!\12-21.mp3
15013 E:\DrSeuss\Dr. Seuss Beginner Book Video - The Cat In The Hat and Maybe you Should Be a Vet!\13-22.mp3
15014 E:\DrSeuss\Dr. Seuss Beginner Book Video - The Cat In The Hat and Maybe you Should Be a Vet!\14-25.mp3
15015 E:\DrSeuss\Dr. Seuss Beginner Book Video - The Cat In The Hat and Maybe you Should Be a Vet!\15-27.mp3
15016 E:\DrSeuss\Dr. Seuss Beginner Book Video - The Cat In The Hat and Maybe you Should Be a Vet!\16-28.mp3
15017 E:\DrSeuss\Dr. Seuss Beginner Book Video - The Cat In The Hat and Maybe you Should Be a Vet!\17-31.mp3
15018 E:\DrSeuss\Dr. Seuss Beginner Book Video - The Cat In The Hat and Maybe you Should Be a Vet!\18-33.mp3
15019 E:\DrSeuss\Dr. Seuss Beginner Book Video - The Cat In The Hat and Maybe you Should Be a Vet!\19-34.mp3
15020 E:\DrSeuss\Dr. Seuss Beginner Book Video - The Cat In The Hat and Maybe you Should Be a Vet!\20-37.mp3
15021 E:\DrSeuss\Dr. Seuss Beginner Book Video - The Cat In The Hat and Maybe you Should Be a Vet!\21-38.mp3
15022 E:\DrSeuss\Dr. Seuss Beginner Book Video - The Cat In The Hat and Maybe you Should Be a Vet!\22-40.mp3
15023 E:\DrSeuss\Dr. Seuss Beginner Book Video - The Cat In The Hat and Maybe you Should Be a Vet!\23-42.mp3
15024 E:\DrSeuss\Dr. Seuss Beginner Book Video - The Cat In The Hat and Maybe you Should Be a Vet!\24-45.mp3
15025 E:\DrSeuss\Dr. Seuss Beginner Book Video - The Cat In The Hat and Maybe you Should Be a Vet!\25-47.mp3
15026 E:\DrSeuss\Dr. Seuss Beginner Book Video - The Cat In The Hat and Maybe you Should Be a Vet!\26-48 .mp3
15027 E:\DrSeuss\Dr. Seuss Beginner Book Video - The Cat In The Hat and Maybe you Should Be a Vet!\27-50.mp3
15028 E:\DrSeuss\Dr. Seuss Beginner Book Video - The Cat In The Hat and Maybe you Should Be a Vet!\28-52.mp3
15029 E:\DrSeuss\Dr. Seuss Beginner Book Video - The Cat In The Hat and Maybe you Should Be a Vet!\29-54.mp3
15030 E:\DrSeuss\Dr. Seuss Beginner Book Video - The Cat In The Hat and Maybe you Should Be a Vet!\30-57.mp3
15031 E:\DrSeuss\Dr. Seuss Beginner Book Video - The Cat In The Hat and Maybe you Should Be a Vet!\31-58.mp3
15032 E:\DrSeuss\Dr. Seuss Beginner Book Video - The Cat In The Hat and Maybe you Should Be a Vet!\32-60.mp3