15001 0
15002 1
15003 2
15004 3
15005 4
15006 5
15007 6
15008 7
15009 8
15010 9
15011 __initialise__
15012 +
15013 -
15014 *
15015 /
15016 =
15017 C
15018 CE
15019 LCD
15020 .
15021 ON-OFF
15022 L.
15023 V.
15024 M.
15025 T.
15026 M2.
15027 N2.
15028 initStack
15029 boot
15030 set_rc_0
15031 inc_rc
15032 add_rc_100
15033 dec_rc
15034 sub_rc_100
15035 set_rd_0
15036 inc_rd
15037 add_rd_100
15038 dec_rd
15039 sub_rd_100
15040 mutual1
15041 mutual2
15042 recurse
15043 mutual1Play
15044 mutual2Play
15045 recursePlay
15046 lastOid1
15047 lastOid2
15048 sanityCheck
15049 sanityCheck2
15050 sanityCheck3
15051 readReg
15052 writeReg
15053 push_ss
15054 peek_ss
15055 speakRegister
15056 dumpSystemRegs
15057 opCode07
15058 opCode11
15059 opCode12
15060 opCode13
15061 ./apps/calculator/sounds/hr/lovre/00.mp3
15062 ./apps/calculator/sounds/hr/lovre/01.mp3
15063 ./apps/calculator/sounds/hr/lovre/02.mp3
15064 ./apps/calculator/sounds/hr/lovre/03.mp3
15065 ./apps/calculator/sounds/hr/lovre/04.mp3
15066 ./apps/calculator/sounds/hr/lovre/05.mp3
15067 ./apps/calculator/sounds/hr/lovre/06.mp3
15068 ./apps/calculator/sounds/hr/lovre/07.mp3
15069 ./apps/calculator/sounds/hr/lovre/08.mp3
15070 ./apps/calculator/sounds/hr/lovre/09.mp3
15071 ./apps/calculator/sounds/hr/lovre/10.mp3
15072 ./apps/calculator/sounds/hr/lovre/11.mp3
15073 ./apps/calculator/sounds/hr/lovre/12.mp3
15074 ./apps/calculator/sounds/hr/lovre/13.mp3
15075 ./apps/calculator/sounds/hr/lovre/14.mp3
15076 ./apps/calculator/sounds/hr/lovre/15.mp3
15077 ./apps/calculator/sounds/hr/lovre/16.mp3
15078 ./apps/calculator/sounds/hr/lovre/17.mp3
15079 ./apps/calculator/sounds/hr/lovre/18.mp3
15080 ./apps/calculator/sounds/hr/lovre/19.mp3
15081 ./apps/calculator/sounds/hr/lovre/20.mp3
15082 ./apps/calculator/sounds/hr/lovre/30.mp3
15083 ./apps/calculator/sounds/hr/lovre/40.mp3
15084 ./apps/calculator/sounds/hr/lovre/50.mp3
15085 ./apps/calculator/sounds/hr/lovre/60.mp3
15086 ./apps/calculator/sounds/hr/lovre/70.mp3
15087 ./apps/calculator/sounds/hr/lovre/80.mp3
15088 ./apps/calculator/sounds/hr/lovre/90.mp3
15089 ./apps/calculator/sounds/hr/lovre/100.mp3
15090 ./apps/calculator/sounds/hr/lovre/200.mp3
15091 ./apps/calculator/sounds/hr/lovre/300.mp3
15092 ./apps/calculator/sounds/hr/lovre/400.mp3
15093 ./apps/calculator/sounds/hr/lovre/500.mp3
15094 ./apps/calculator/sounds/hr/lovre/600.mp3
15095 ./apps/calculator/sounds/hr/lovre/700.mp3
15096 ./apps/calculator/sounds/hr/lovre/800.mp3
15097 ./apps/calculator/sounds/hr/lovre/900.mp3
15098 ./apps/calculator/sounds/hr/lovre/1000.mp3
15099 ./apps/calculator/sounds/hr/lovre/1000p.mp3
15100 ./apps/calculator/sounds/hr/lovre/1e6.mp3
15101 ./apps/calculator/sounds/hr/lovre/1e6p.mp3
15102 ./apps/calculator/sounds/hr/lovre/1e9.mp3
15103 ./apps/calculator/sounds/hr/lovre/1e9p.mp3
15104 ./apps/calculator/sounds/hr/lovre/1e12.mp3
15105 ./apps/calculator/sounds/hr/lovre/1e12p.mp3
15106 ./apps/calculator/sounds/hr/lovre/01f.mp3
15107 ./apps/calculator/sounds/hr/lovre/02f.mp3
15108 ./apps/calculator/sounds/hr/lovre/plus.mp3
15109 ./apps/calculator/sounds/hr/lovre/minus.mp3
15110 ./apps/calculator/sounds/hr/lovre/multiply.mp3
15111 ./apps/calculator/sounds/hr/lovre/divide.mp3
15112 ./apps/calculator/sounds/hr/lovre/equals.mp3
15113 ./apps/calculator/sounds/hr/lovre/clear.mp3
15114 ./apps/calculator/sounds/hr/lovre/cancelEntry.mp3
15115 ./apps/calculator/sounds/hr/lovre/error.mp3
15116 ./apps/calculator/sounds/hr/lovre/click.mp3
15117 ./apps/calculator/sounds/hr/lovre/speaker.mp3
15118 ./apps/calculator/sounds/hr/vjeko/00.mp3
15119 ./apps/calculator/sounds/hr/vjeko/01.mp3
15120 ./apps/calculator/sounds/hr/vjeko/02.mp3
15121 ./apps/calculator/sounds/hr/vjeko/03.mp3
15122 ./apps/calculator/sounds/hr/vjeko/04.mp3
15123 ./apps/calculator/sounds/hr/vjeko/05.mp3
15124 ./apps/calculator/sounds/hr/vjeko/06.mp3
15125 ./apps/calculator/sounds/hr/vjeko/07.mp3
15126 ./apps/calculator/sounds/hr/vjeko/08.mp3
15127 ./apps/calculator/sounds/hr/vjeko/09.mp3
15128 ./apps/calculator/sounds/hr/vjeko/10.mp3
15129 ./apps/calculator/sounds/hr/vjeko/11.mp3
15130 ./apps/calculator/sounds/hr/vjeko/12.mp3
15131 ./apps/calculator/sounds/hr/vjeko/13.mp3
15132 ./apps/calculator/sounds/hr/vjeko/14.mp3
15133 ./apps/calculator/sounds/hr/vjeko/15.mp3
15134 ./apps/calculator/sounds/hr/vjeko/16.mp3
15135 ./apps/calculator/sounds/hr/vjeko/17.mp3
15136 ./apps/calculator/sounds/hr/vjeko/18.mp3
15137 ./apps/calculator/sounds/hr/vjeko/19.mp3
15138 ./apps/calculator/sounds/hr/vjeko/20.mp3
15139 ./apps/calculator/sounds/hr/vjeko/30.mp3
15140 ./apps/calculator/sounds/hr/vjeko/40.mp3
15141 ./apps/calculator/sounds/hr/vjeko/50.mp3
15142 ./apps/calculator/sounds/hr/vjeko/60.mp3
15143 ./apps/calculator/sounds/hr/vjeko/70.mp3
15144 ./apps/calculator/sounds/hr/vjeko/80.mp3
15145 ./apps/calculator/sounds/hr/vjeko/90.mp3
15146 ./apps/calculator/sounds/hr/vjeko/100.mp3
15147 ./apps/calculator/sounds/hr/vjeko/200.mp3
15148 ./apps/calculator/sounds/hr/vjeko/300.mp3
15149 ./apps/calculator/sounds/hr/vjeko/400.mp3
15150 ./apps/calculator/sounds/hr/vjeko/500.mp3
15151 ./apps/calculator/sounds/hr/vjeko/600.mp3
15152 ./apps/calculator/sounds/hr/vjeko/700.mp3
15153 ./apps/calculator/sounds/hr/vjeko/800.mp3
15154 ./apps/calculator/sounds/hr/vjeko/900.mp3
15155 ./apps/calculator/sounds/hr/vjeko/1000.mp3
15156 ./apps/calculator/sounds/hr/vjeko/1000p.mp3
15157 ./apps/calculator/sounds/hr/vjeko/1e6.mp3
15158 ./apps/calculator/sounds/hr/vjeko/1e6p.mp3
15159 ./apps/calculator/sounds/hr/vjeko/1e9.mp3
15160 ./apps/calculator/sounds/hr/vjeko/1e9p.mp3
15161 ./apps/calculator/sounds/hr/vjeko/1e12.mp3
15162 ./apps/calculator/sounds/hr/vjeko/1e12p.mp3
15163 ./apps/calculator/sounds/hr/vjeko/01f.mp3
15164 ./apps/calculator/sounds/hr/vjeko/02f.mp3
15165 ./apps/calculator/sounds/hr/vjeko/plus.mp3
15166 ./apps/calculator/sounds/hr/vjeko/minus.mp3
15167 ./apps/calculator/sounds/hr/vjeko/multiply.mp3
15168 ./apps/calculator/sounds/hr/vjeko/divide.mp3
15169 ./apps/calculator/sounds/hr/vjeko/equals.mp3
15170 ./apps/calculator/sounds/hr/vjeko/clear.mp3
15171 ./apps/calculator/sounds/hr/vjeko/cancelEntry.mp3
15172 ./apps/calculator/sounds/hr/vjeko/error.mp3
15173 ./apps/calculator/sounds/hr/vjeko/click.mp3
15174 ./apps/calculator/sounds/hr/vjeko/speaker.mp3
15175 ./apps/calculator/sounds/hr/mikula/00.mp3
15176 ./apps/calculator/sounds/hr/mikula/01.mp3
15177 ./apps/calculator/sounds/hr/mikula/02.mp3
15178 ./apps/calculator/sounds/hr/mikula/03.mp3
15179 ./apps/calculator/sounds/hr/mikula/04.mp3
15180 ./apps/calculator/sounds/hr/mikula/05.mp3
15181 ./apps/calculator/sounds/hr/mikula/06.mp3
15182 ./apps/calculator/sounds/hr/mikula/07.mp3
15183 ./apps/calculator/sounds/hr/mikula/08.mp3
15184 ./apps/calculator/sounds/hr/mikula/09.mp3
15185 ./apps/calculator/sounds/hr/mikula/10.mp3
15186 ./apps/calculator/sounds/hr/mikula/11.mp3
15187 ./apps/calculator/sounds/hr/mikula/12.mp3
15188 ./apps/calculator/sounds/hr/mikula/13.mp3
15189 ./apps/calculator/sounds/hr/mikula/14.mp3
15190 ./apps/calculator/sounds/hr/mikula/15.mp3
15191 ./apps/calculator/sounds/hr/mikula/16.mp3
15192 ./apps/calculator/sounds/hr/mikula/17.mp3
15193 ./apps/calculator/sounds/hr/mikula/18.mp3
15194 ./apps/calculator/sounds/hr/mikula/19.mp3
15195 ./apps/calculator/sounds/hr/mikula/20.mp3
15196 ./apps/calculator/sounds/hr/mikula/30.mp3
15197 ./apps/calculator/sounds/hr/mikula/40.mp3
15198 ./apps/calculator/sounds/hr/mikula/50.mp3
15199 ./apps/calculator/sounds/hr/mikula/60.mp3
15200 ./apps/calculator/sounds/hr/mikula/70.mp3
15201 ./apps/calculator/sounds/hr/mikula/80.mp3
15202 ./apps/calculator/sounds/hr/mikula/90.mp3
15203 ./apps/calculator/sounds/hr/mikula/100.mp3
15204 ./apps/calculator/sounds/hr/mikula/200.mp3
15205 ./apps/calculator/sounds/hr/mikula/300.mp3
15206 ./apps/calculator/sounds/hr/mikula/400.mp3
15207 ./apps/calculator/sounds/hr/mikula/500.mp3
15208 ./apps/calculator/sounds/hr/mikula/600.mp3
15209 ./apps/calculator/sounds/hr/mikula/700.mp3
15210 ./apps/calculator/sounds/hr/mikula/800.mp3
15211 ./apps/calculator/sounds/hr/mikula/900.mp3
15212 ./apps/calculator/sounds/hr/mikula/1000.mp3
15213 ./apps/calculator/sounds/hr/mikula/1000p.mp3
15214 ./apps/calculator/sounds/hr/mikula/1e6.mp3
15215 ./apps/calculator/sounds/hr/mikula/1e6p.mp3
15216 ./apps/calculator/sounds/hr/mikula/1e9.mp3
15217 ./apps/calculator/sounds/hr/mikula/1e9p.mp3
15218 ./apps/calculator/sounds/hr/mikula/1e12.mp3
15219 ./apps/calculator/sounds/hr/mikula/1e12p.mp3
15220 ./apps/calculator/sounds/hr/mikula/01f.mp3
15221 ./apps/calculator/sounds/hr/mikula/02f.mp3
15222 ./apps/calculator/sounds/hr/mikula/plus.mp3
15223 ./apps/calculator/sounds/hr/mikula/minus.mp3
15224 ./apps/calculator/sounds/hr/mikula/multiply.mp3
15225 ./apps/calculator/sounds/hr/mikula/divide.mp3
15226 ./apps/calculator/sounds/hr/mikula/equals.mp3
15227 ./apps/calculator/sounds/hr/mikula/clear.mp3
15228 ./apps/calculator/sounds/hr/mikula/cancelEntry.mp3
15229 ./apps/calculator/sounds/hr/mikula/error.mp3
15230 ./apps/calculator/sounds/hr/mikula/click.mp3
15231 ./apps/calculator/sounds/hr/mikula/speaker.mp3
15232 ./apps/calculator/sounds/hr/tata/00.mp3
15233 ./apps/calculator/sounds/hr/tata/01.mp3
15234 ./apps/calculator/sounds/hr/tata/02.mp3
15235 ./apps/calculator/sounds/hr/tata/03.mp3
15236 ./apps/calculator/sounds/hr/tata/04.mp3
15237 ./apps/calculator/sounds/hr/tata/05.mp3
15238 ./apps/calculator/sounds/hr/tata/06.mp3
15239 ./apps/calculator/sounds/hr/tata/07.mp3
15240 ./apps/calculator/sounds/hr/tata/08.mp3
15241 ./apps/calculator/sounds/hr/tata/09.mp3
15242 ./apps/calculator/sounds/hr/tata/10.mp3
15243 ./apps/calculator/sounds/hr/tata/11.mp3
15244 ./apps/calculator/sounds/hr/tata/12.mp3
15245 ./apps/calculator/sounds/hr/tata/13.mp3
15246 ./apps/calculator/sounds/hr/tata/14.mp3
15247 ./apps/calculator/sounds/hr/tata/15.mp3
15248 ./apps/calculator/sounds/hr/tata/16.mp3
15249 ./apps/calculator/sounds/hr/tata/17.mp3
15250 ./apps/calculator/sounds/hr/tata/18.mp3
15251 ./apps/calculator/sounds/hr/tata/19.mp3
15252 ./apps/calculator/sounds/hr/tata/20.mp3
15253 ./apps/calculator/sounds/hr/tata/30.mp3
15254 ./apps/calculator/sounds/hr/tata/40.mp3
15255 ./apps/calculator/sounds/hr/tata/50.mp3
15256 ./apps/calculator/sounds/hr/tata/60.mp3
15257 ./apps/calculator/sounds/hr/tata/70.mp3
15258 ./apps/calculator/sounds/hr/tata/80.mp3
15259 ./apps/calculator/sounds/hr/tata/90.mp3
15260 ./apps/calculator/sounds/hr/tata/100.mp3
15261 ./apps/calculator/sounds/hr/tata/200.mp3
15262 ./apps/calculator/sounds/hr/tata/300.mp3
15263 ./apps/calculator/sounds/hr/tata/400.mp3
15264 ./apps/calculator/sounds/hr/tata/500.mp3
15265 ./apps/calculator/sounds/hr/tata/600.mp3
15266 ./apps/calculator/sounds/hr/tata/700.mp3
15267 ./apps/calculator/sounds/hr/tata/800.mp3
15268 ./apps/calculator/sounds/hr/tata/900.mp3
15269 ./apps/calculator/sounds/hr/tata/1000.mp3
15270 ./apps/calculator/sounds/hr/tata/1000p.mp3
15271 ./apps/calculator/sounds/hr/tata/1e6.mp3
15272 ./apps/calculator/sounds/hr/tata/1e6p.mp3
15273 ./apps/calculator/sounds/hr/tata/1e9.mp3
15274 ./apps/calculator/sounds/hr/tata/1e9p.mp3
15275 ./apps/calculator/sounds/hr/tata/1e12.mp3
15276 ./apps/calculator/sounds/hr/tata/1e12p.mp3
15277 ./apps/calculator/sounds/hr/tata/01f.mp3
15278 ./apps/calculator/sounds/hr/tata/02f.mp3
15279 ./apps/calculator/sounds/hr/tata/plus.mp3
15280 ./apps/calculator/sounds/hr/tata/minus.mp3
15281 ./apps/calculator/sounds/hr/tata/multiply.mp3
15282 ./apps/calculator/sounds/hr/tata/divide.mp3
15283 ./apps/calculator/sounds/hr/tata/equals.mp3
15284 ./apps/calculator/sounds/hr/tata/clear.mp3
15285 ./apps/calculator/sounds/hr/tata/cancelEntry.mp3
15286 ./apps/calculator/sounds/hr/tata/error.mp3
15287 ./apps/calculator/sounds/hr/tata/click.mp3
15288 ./apps/calculator/sounds/hr/tata/speaker.mp3
15289 ./apps/calculator/sounds/hr/marijana/00.mp3
15290 ./apps/calculator/sounds/hr/marijana/01.mp3
15291 ./apps/calculator/sounds/hr/marijana/02.mp3
15292 ./apps/calculator/sounds/hr/marijana/03.mp3
15293 ./apps/calculator/sounds/hr/marijana/04.mp3
15294 ./apps/calculator/sounds/hr/marijana/05.mp3
15295 ./apps/calculator/sounds/hr/marijana/06.mp3
15296 ./apps/calculator/sounds/hr/marijana/07.mp3
15297 ./apps/calculator/sounds/hr/marijana/08.mp3
15298 ./apps/calculator/sounds/hr/marijana/09.mp3
15299 ./apps/calculator/sounds/hr/marijana/10.mp3
15300 ./apps/calculator/sounds/hr/marijana/11.mp3
15301 ./apps/calculator/sounds/hr/marijana/12.mp3
15302 ./apps/calculator/sounds/hr/marijana/13.mp3
15303 ./apps/calculator/sounds/hr/marijana/14.mp3
15304 ./apps/calculator/sounds/hr/marijana/15.mp3
15305 ./apps/calculator/sounds/hr/marijana/16.mp3
15306 ./apps/calculator/sounds/hr/marijana/17.mp3
15307 ./apps/calculator/sounds/hr/marijana/18.mp3
15308 ./apps/calculator/sounds/hr/marijana/19.mp3
15309 ./apps/calculator/sounds/hr/marijana/20.mp3
15310 ./apps/calculator/sounds/hr/marijana/30.mp3
15311 ./apps/calculator/sounds/hr/marijana/40.mp3
15312 ./apps/calculator/sounds/hr/marijana/50.mp3
15313 ./apps/calculator/sounds/hr/marijana/60.mp3
15314 ./apps/calculator/sounds/hr/marijana/70.mp3
15315 ./apps/calculator/sounds/hr/marijana/80.mp3
15316 ./apps/calculator/sounds/hr/marijana/90.mp3
15317 ./apps/calculator/sounds/hr/marijana/100.mp3
15318 ./apps/calculator/sounds/hr/marijana/200.mp3
15319 ./apps/calculator/sounds/hr/marijana/300.mp3
15320 ./apps/calculator/sounds/hr/marijana/400.mp3
15321 ./apps/calculator/sounds/hr/marijana/500.mp3
15322 ./apps/calculator/sounds/hr/marijana/600.mp3
15323 ./apps/calculator/sounds/hr/marijana/700.mp3
15324 ./apps/calculator/sounds/hr/marijana/800.mp3
15325 ./apps/calculator/sounds/hr/marijana/900.mp3
15326 ./apps/calculator/sounds/hr/marijana/1000.mp3
15327 ./apps/calculator/sounds/hr/marijana/1000p.mp3
15328 ./apps/calculator/sounds/hr/marijana/1e6.mp3
15329 ./apps/calculator/sounds/hr/marijana/1e6p.mp3
15330 ./apps/calculator/sounds/hr/marijana/1e9.mp3
15331 ./apps/calculator/sounds/hr/marijana/1e9p.mp3
15332 ./apps/calculator/sounds/hr/marijana/1e12.mp3
15333 ./apps/calculator/sounds/hr/marijana/1e12p.mp3
15334 ./apps/calculator/sounds/hr/marijana/01f.mp3
15335 ./apps/calculator/sounds/hr/marijana/02f.mp3
15336 ./apps/calculator/sounds/hr/marijana/plus.mp3
15337 ./apps/calculator/sounds/hr/marijana/minus.mp3
15338 ./apps/calculator/sounds/hr/marijana/multiply.mp3
15339 ./apps/calculator/sounds/hr/marijana/divide.mp3
15340 ./apps/calculator/sounds/hr/marijana/equals.mp3
15341 ./apps/calculator/sounds/hr/marijana/clear.mp3
15342 ./apps/calculator/sounds/hr/marijana/cancelEntry.mp3
15343 ./apps/calculator/sounds/hr/marijana/error.mp3
15344 ./apps/calculator/sounds/hr/marijana/click.mp3
15345 ./apps/calculator/sounds/hr/marijana/speaker.mp3
15346 ./apps/calculator/sounds/hr/neven/00.mp3
15347 ./apps/calculator/sounds/hr/neven/01.mp3
15348 ./apps/calculator/sounds/hr/neven/02.mp3
15349 ./apps/calculator/sounds/hr/neven/03.mp3
15350 ./apps/calculator/sounds/hr/neven/04.mp3
15351 ./apps/calculator/sounds/hr/neven/05.mp3
15352 ./apps/calculator/sounds/hr/neven/06.mp3
15353 ./apps/calculator/sounds/hr/neven/07.mp3
15354 ./apps/calculator/sounds/hr/neven/08.mp3
15355 ./apps/calculator/sounds/hr/neven/09.mp3
15356 ./apps/calculator/sounds/hr/neven/10.mp3
15357 ./apps/calculator/sounds/hr/neven/11.mp3
15358 ./apps/calculator/sounds/hr/neven/12.mp3
15359 ./apps/calculator/sounds/hr/neven/13.mp3
15360 ./apps/calculator/sounds/hr/neven/14.mp3
15361 ./apps/calculator/sounds/hr/neven/15.mp3
15362 ./apps/calculator/sounds/hr/neven/16.mp3
15363 ./apps/calculator/sounds/hr/neven/17.mp3
15364 ./apps/calculator/sounds/hr/neven/18.mp3
15365 ./apps/calculator/sounds/hr/neven/19.mp3
15366 ./apps/calculator/sounds/hr/neven/20.mp3
15367 ./apps/calculator/sounds/hr/neven/30.mp3
15368 ./apps/calculator/sounds/hr/neven/40.mp3
15369 ./apps/calculator/sounds/hr/neven/50.mp3
15370 ./apps/calculator/sounds/hr/neven/60.mp3
15371 ./apps/calculator/sounds/hr/neven/70.mp3
15372 ./apps/calculator/sounds/hr/neven/80.mp3
15373 ./apps/calculator/sounds/hr/neven/90.mp3
15374 ./apps/calculator/sounds/hr/neven/100.mp3
15375 ./apps/calculator/sounds/hr/neven/200.mp3
15376 ./apps/calculator/sounds/hr/neven/300.mp3
15377 ./apps/calculator/sounds/hr/neven/400.mp3
15378 ./apps/calculator/sounds/hr/neven/500.mp3
15379 ./apps/calculator/sounds/hr/neven/600.mp3
15380 ./apps/calculator/sounds/hr/neven/700.mp3
15381 ./apps/calculator/sounds/hr/neven/800.mp3
15382 ./apps/calculator/sounds/hr/neven/900.mp3
15383 ./apps/calculator/sounds/hr/neven/1000.mp3
15384 ./apps/calculator/sounds/hr/neven/1000p.mp3
15385 ./apps/calculator/sounds/hr/neven/1e6.mp3
15386 ./apps/calculator/sounds/hr/neven/1e6p.mp3
15387 ./apps/calculator/sounds/hr/neven/1e9.mp3
15388 ./apps/calculator/sounds/hr/neven/1e9p.mp3
15389 ./apps/calculator/sounds/hr/neven/1e12.mp3
15390 ./apps/calculator/sounds/hr/neven/1e12p.mp3
15391 ./apps/calculator/sounds/hr/neven/01f.mp3
15392 ./apps/calculator/sounds/hr/neven/02f.mp3
15393 ./apps/calculator/sounds/hr/neven/plus.mp3
15394 ./apps/calculator/sounds/hr/neven/minus.mp3
15395 ./apps/calculator/sounds/hr/neven/multiply.mp3
15396 ./apps/calculator/sounds/hr/neven/divide.mp3
15397 ./apps/calculator/sounds/hr/neven/equals.mp3
15398 ./apps/calculator/sounds/hr/neven/clear.mp3
15399 ./apps/calculator/sounds/hr/neven/cancelEntry.mp3
15400 ./apps/calculator/sounds/hr/neven/error.mp3
15401 ./apps/calculator/sounds/hr/neven/click.mp3
15402 ./apps/calculator/sounds/hr/neven/speaker.mp3
15403 ./sounds/hr/boris/stackOverflow.mp3
15404 ./sounds/hr/boris/stackUnderflow.mp3
15405 ./sounds/hr/boris/outOfRange.mp3
15406 ./sounds/hr/boris/line.mp3
15407 ./sounds/hr/boris/register.mp3
15408 ./sounds/hr/boris/value.mp3
15409 ./sounds/hr/boris/equals.mp3
15410 ./sounds/hr/boris/sanityCheck.mp3
15411 ./sounds/hr/boris/pass.mp3
15412 ./sounds/hr/boris/fail.mp3
15413 ./sounds/hr/vjeko/0.mp3
15414 ./sounds/hr/vjeko/1.mp3
15415 ./sounds/hr/vjeko/2.mp3
15416 ./sounds/hr/vjeko/3.mp3
15417 ./sounds/hr/vjeko/4.mp3
15418 ./sounds/hr/vjeko/5.mp3
15419 ./sounds/hr/vjeko/6.mp3
15420 ./sounds/hr/vjeko/7.mp3
15421 ./sounds/hr/vjeko/8.mp3
15422 ./sounds/hr/vjeko/9.mp3
15423 ./sounds/hr/boris/a.mp3
15424 ./sounds/hr/boris/b.mp3
15425 ./sounds/hr/boris/c.mp3
15426 ./sounds/hr/boris/d.mp3
15427 ./sounds/hr/boris/e.mp3
15428 ./sounds/hr/boris/f.mp3