15000 main
15001 C:\Tata\Audio\Glazba\Školska knjiga\Razigrani zvuci 1_Slušajmo\01 Track 1.mp3
15002 C:\Tata\Audio\Glazba\Školska knjiga\Razigrani zvuci 1_Slušajmo\02 Track 2.mp3
15003 C:\Tata\Audio\Glazba\Školska knjiga\Razigrani zvuci 1_Slušajmo\03 Track 3.mp3
15004 C:\Tata\Audio\Glazba\Školska knjiga\Razigrani zvuci 1_Slušajmo\04 Track 4.mp3
15005 C:\Tata\Audio\Glazba\Školska knjiga\Razigrani zvuci 1_Slušajmo\05 Track 5.mp3
15006 C:\Tata\Audio\Glazba\Školska knjiga\Razigrani zvuci 1_Slušajmo\06 Track 6.mp3
15007 C:\Tata\Audio\Glazba\Školska knjiga\Razigrani zvuci 1_Slušajmo\07 Track 7.mp3
15008 C:\Tata\Audio\Glazba\Školska knjiga\Razigrani zvuci 1_Slušajmo\08 Track 8.mp3
15009 C:\Tata\Audio\Glazba\Školska knjiga\Razigrani zvuci 1_Slušajmo\09 Track 9.mp3
15010 C:\Tata\Audio\Glazba\Školska knjiga\Razigrani zvuci 1_Slušajmo\10 Track 10.mp3
15011 C:\Tata\Audio\Glazba\Školska knjiga\Razigrani zvuci 1_Slušajmo\11 Track 11.mp3
15012 C:\Tata\Audio\Glazba\Školska knjiga\Razigrani zvuci 1_Slušajmo\12 Track 12.mp3
15013 C:\Tata\Audio\Glazba\Školska knjiga\Razigrani zvuci 1_Slušajmo\13 Track 13.mp3
15014 C:\Tata\Audio\Glazba\Školska knjiga\Razigrani zvuci 1_Slušajmo\14 Track 14.mp3
15015 C:\Tata\Audio\Glazba\Školska knjiga\Razigrani zvuci 1_Slušajmo\15 Track 15.mp3
15016 C:\Tata\Audio\Glazba\Školska knjiga\Razigrani zvuci 1_Slušajmo\16 Track 16.mp3
15017 C:\Tata\Audio\Glazba\Školska knjiga\Razigrani zvuci 1_Slušajmo\17 Track 17.mp3
15018 C:\Tata\Audio\Glazba\Školska knjiga\Razigrani zvuci 1_Slušajmo\18 Track 18.mp3
15019 C:\Tata\Audio\Glazba\Školska knjiga\Razigrani zvuci 1_Slušajmo\19 Track 19.mp3
15020 C:\Tata\Audio\Glazba\Školska knjiga\Razigrani zvuci 1_Slušajmo\20 Track 20.mp3
15021 C:\Tata\Audio\Glazba\Školska knjiga\Razigrani zvuci 1_Slušajmo\21 Track 21.mp3
15022 C:\Tata\Audio\Glazba\Školska knjiga\Razigrani zvuci 1_Slušajmo\22 Track 22.mp3
15023 C:\Tata\Audio\Glazba\Školska knjiga\Razigrani zvuci 1_Slušajmo\23 Track 23.mp3
15024 C:\Tata\Audio\Glazba\Školska knjiga\Razigrani zvuci 1_Slušajmo\24 Track 24.mp3
15025 C:\Tata\Audio\Glazba\Školska knjiga\Razigrani zvuci 1_Slušajmo\25 Track 25.mp3
15026 C:\Tata\Audio\Glazba\Školska knjiga\Razigrani zvuci 1_Slušajmo\26 Track 26.mp3
15027 C:\Tata\Audio\Glazba\Školska knjiga\Razigrani zvuci 1_Slušajmo\27 Track 27.mp3
15028 C:\Tata\Audio\Glazba\Školska knjiga\Razigrani zvuci 1_Slušajmo\28 Track 28.mp3
15029 C:\Tata\Audio\Glazba\Školska knjiga\Razigrani zvuci 1_Slušajmo\29 Track 29.mp3