15000 main
15001 C:\Tata\Audio\Language\English\New Building Blocks 2_Textbook\Track No01.mp3
15002 C:\Tata\Audio\Language\English\New Building Blocks 2_Textbook\Track No02.mp3
15003 C:\Tata\Audio\Language\English\New Building Blocks 2_Textbook\Track No03.mp3
15004 C:\Tata\Audio\Language\English\New Building Blocks 2_Textbook\Track No04.mp3
15005 C:\Tata\Audio\Language\English\New Building Blocks 2_Textbook\Track No05.mp3
15006 C:\Tata\Audio\Language\English\New Building Blocks 2_Textbook\Track No06.mp3
15007 C:\Tata\Audio\Language\English\New Building Blocks 2_Textbook\Track No07.mp3
15008 C:\Tata\Audio\Language\English\New Building Blocks 2_Textbook\Track No08.mp3
15009 C:\Tata\Audio\Language\English\New Building Blocks 2_Textbook\Track No09.mp3
15010 C:\Tata\Audio\Language\English\New Building Blocks 2_Textbook\Track No10.mp3
15011 C:\Tata\Audio\Language\English\New Building Blocks 2_Textbook\Track No11.mp3
15012 C:\Tata\Audio\Language\English\New Building Blocks 2_Textbook\Track No12.mp3
15013 C:\Tata\Audio\Language\English\New Building Blocks 2_Textbook\Track No13.mp3
15014 C:\Tata\Audio\Language\English\New Building Blocks 2_Textbook\Track No14.mp3
15015 C:\Tata\Audio\Language\English\New Building Blocks 2_Textbook\Track No15.mp3
15016 C:\Tata\Audio\Language\English\New Building Blocks 2_Textbook\Track No16.mp3
15017 C:\Tata\Audio\Language\English\New Building Blocks 2_Textbook\Track No17.mp3
15018 C:\Tata\Audio\Language\English\New Building Blocks 2_Textbook\Track No18.mp3
15019 C:\Tata\Audio\Language\English\New Building Blocks 2_Textbook\Track No19.mp3
15020 C:\Tata\Audio\Language\English\New Building Blocks 2_Textbook\Track No20.mp3
15021 C:\Tata\Audio\Language\English\New Building Blocks 2_Textbook\Track No21.mp3
15022 C:\Tata\Audio\Language\English\New Building Blocks 2_Textbook\Track No22.mp3
15023 C:\Tata\Audio\Language\English\New Building Blocks 2_Textbook\Track No23.mp3
15024 C:\Tata\Audio\Language\English\New Building Blocks 2_Textbook\Track No24.mp3
15025 C:\Tata\Audio\Language\English\New Building Blocks 2_Textbook\Track No25.mp3
15026 C:\Tata\Audio\Language\English\New Building Blocks 2_Textbook\Track No26.mp3
15027 C:\Tata\Audio\Language\English\New Building Blocks 2_Textbook\Track No27.mp3
15028 C:\Tata\Audio\Language\English\New Building Blocks 2_Textbook\Track No28.mp3
15029 C:\Tata\Audio\Language\English\New Building Blocks 2_Textbook\Track No29.mp3
15030 C:\Tata\Audio\Language\English\New Building Blocks 2_Textbook\Track No30.mp3
15031 C:\Tata\Audio\Language\English\New Building Blocks 2_Textbook\Track No31.mp3
15032 C:\Tata\Audio\Language\English\New Building Blocks 2_Textbook\Track No32.mp3
15033 C:\Tata\Audio\Language\English\New Building Blocks 2_Textbook\Track No33.mp3
15034 C:\Tata\Audio\Language\English\New Building Blocks 2_Textbook\Track No34.mp3
15035 C:\Tata\Audio\Language\English\New Building Blocks 2_Textbook\Track No35.mp3
15036 C:\Tata\Audio\Language\English\New Building Blocks 2_Textbook\Track No36.mp3
15037 C:\Tata\Audio\Language\English\New Building Blocks 2_Textbook\Track No37.mp3
15038 C:\Tata\Audio\Language\English\New Building Blocks 2_Textbook\Track No38.mp3
15039 C:\Tata\Audio\Language\English\New Building Blocks 2_Textbook\Track No39.mp3
15040 C:\Tata\Audio\Language\English\New Building Blocks 2_Textbook\Track No40.mp3
15041 C:\Tata\Audio\Language\English\New Building Blocks 2_Textbook\Track No41.mp3
15042 C:\Tata\Audio\Language\English\New Building Blocks 2_Textbook\Track No42.mp3
15043 C:\Tata\Audio\Language\English\New Building Blocks 2_Textbook\Track No43.mp3
15044 C:\Tata\Audio\Language\English\New Building Blocks 2_Textbook\Track No44.mp3
15045 C:\Tata\Audio\Language\English\New Building Blocks 2_Textbook\Track No45.mp3
15046 C:\Tata\Audio\Language\English\New Building Blocks 2_Textbook\Track No46.mp3
15047 C:\Tata\Audio\Language\English\New Building Blocks 2_Textbook\Track No47.mp3
15048 C:\Tata\Audio\Language\English\New Building Blocks 2_Textbook\Track No48.mp3
15049 C:\Tata\Audio\Language\English\New Building Blocks 2_Textbook\Track No49.mp3
15050 C:\Tata\Audio\Language\English\New Building Blocks 2_Textbook\Track No50.mp3
15051 C:\Tata\Audio\Language\English\New Building Blocks 2_Textbook\Track No51.mp3
15052 C:\Tata\Audio\Language\English\New Building Blocks 2_Textbook\Track No52.mp3
15053 C:\Tata\Audio\Language\English\New Building Blocks 2_Textbook\Track No53.mp3
15054 C:\Tata\Audio\Language\English\New Building Blocks 2_Textbook\Track No54.mp3
15055 C:\Tata\Audio\Language\English\New Building Blocks 2_Textbook\Track No55.mp3
15056 C:\Tata\Audio\Language\English\New Building Blocks 2_Textbook\Track No56.mp3
15057 C:\Tata\Audio\Language\English\New Building Blocks 2_Textbook\Track No57.mp3
15058 C:\Tata\Audio\Language\English\New Building Blocks 2_Textbook\Track No58.mp3
15059 C:\Tata\Audio\Language\English\New Building Blocks 2_Textbook\Track No59.mp3
15060 C:\Tata\Audio\Language\English\New Building Blocks 2_Textbook\Track No60.mp3
15061 C:\Tata\Audio\Language\English\New Building Blocks 2_Textbook\Track No61.mp3
15062 C:\Tata\Audio\Language\English\New Building Blocks 2_Textbook\Track No62.mp3
15063 C:\Tata\Audio\Language\English\New Building Blocks 2_Textbook\Track No63.mp3
15064 C:\Tata\Audio\Language\English\New Building Blocks 2_Textbook\Track No64.mp3
15065 C:\Tata\Audio\Language\English\New Building Blocks 2_Textbook\Track No65.mp3
15066 C:\Tata\Audio\Language\English\New Building Blocks 2_Textbook\Track No66.mp3
15067 C:\Tata\Audio\Language\English\New Building Blocks 2_Textbook\Track No67.mp3
15068 C:\Tata\Audio\Language\English\New Building Blocks 2_Textbook\Track No68.mp3
15069 C:\Tata\Audio\Language\English\New Building Blocks 2_Textbook\Track No69.mp3
15070 C:\Tata\Audio\Language\English\New Building Blocks 2_Textbook\Track No70.mp3
15071 C:\Tata\Audio\Language\English\New Building Blocks 2_Textbook\Track No71.mp3
15072 C:\Tata\Audio\Language\English\New Building Blocks 2_Textbook\Track No72.mp3
15073 C:\Tata\Audio\Language\English\New Building Blocks 2_Textbook\Track No73.mp3
15074 C:\Tata\Audio\Language\English\New Building Blocks 2_Textbook\Track No74.mp3
15075 C:\Tata\Audio\Language\English\New Building Blocks 2_Textbook\Track No75.mp3
15076 C:\Tata\Audio\Language\English\New Building Blocks 2_Textbook\Track No76.mp3
15077 C:\Tata\Audio\Language\English\New Building Blocks 2_Textbook\Track No77.mp3
15078 C:\Tata\Audio\Language\English\New Building Blocks 2_Textbook\Track No78.mp3
15079 C:\Tata\Audio\Language\English\New Building Blocks 2_Textbook\Track No79.mp3
15080 C:\Tata\Audio\Language\English\New Building Blocks 2_Textbook\Track No80.mp3
15081 C:\Tata\Audio\Language\English\New Building Blocks 2_Textbook\Track No81.mp3
15082 C:\Tata\Audio\Language\English\New Building Blocks 2_Textbook\Track No82.mp3
15083 C:\Tata\Audio\Language\English\New Building Blocks 2_Textbook\Track No83.mp3
15084 C:\Tata\Audio\Language\English\New Building Blocks 2_Textbook\Track No84.mp3
15085 C:\Tata\Audio\Language\English\New Building Blocks 2_Textbook\Track No85.mp3