15000 main
15001 C:\Temp\Frederick Noad\converted\01 Spanish Study.mp3
15002 C:\Temp\Frederick Noad\converted\02 Malaguena.mp3
15003 C:\Temp\Frederick Noad\converted\03 Waltz By Ferdinando Carulli.mp3
15004 C:\Temp\Frederick Noad\converted\04 Andantino By Ferdinando Carulli.mp3
15005 C:\Temp\Frederick Noad\converted\05 Greensleeves.mp3
15006 C:\Temp\Frederick Noad\converted\06 Etude By Ferdinando Carulli.mp3
15007 C:\Temp\Frederick Noad\converted\07 Alegretto By Frederick Noad.mp3
15008 C:\Temp\Frederick Noad\converted\08 Study In Ligados By Frederick Noa.mp3
15009 C:\Temp\Frederick Noad\converted\09 Saraband By Robert De Visee.mp3
15010 C:\Temp\Frederick Noad\converted\10 Rondo By Ferdinando Carulli.mp3
15011 C:\Temp\Frederick Noad\converted\11 Canari Jig.mp3
15012 C:\Temp\Frederick Noad\converted\12 Minuet By Robert De Visee.mp3
15013 C:\Temp\Frederick Noad\converted\13 Buree By Robert De Visee.mp3
15014 C:\Temp\Frederick Noad\converted\14 Theme By G. F. Handel.mp3
15015 C:\Temp\Frederick Noad\converted\15 Bouree By J. S. Bach.mp3
15016 C:\Temp\Frederick Noad\converted\16 Pezzo Tedesco.mp3
15017 C:\Temp\Frederick Noad\converted\17 Orlando Sleepeth By John Dowland.mp3
15018 C:\Temp\Frederick Noad\converted\18 Mrs. Winter's Jump By John Dowlan.mp3
15019 C:\Temp\Frederick Noad\converted\19 Air By Thomas Robinson.mp3
15020 C:\Temp\Frederick Noad\converted\20 Dove Son Quei Fieri Occhi.mp3
15021 C:\Temp\Frederick Noad\converted\21 Se Io M'Accorgo.mp3
15022 C:\Temp\Frederick Noad\converted\22 Italian Vicenzo By Vicenzo Galile.mp3
15023 C:\Temp\Frederick Noad\converted\23 Pavane By Luis Milan.mp3
15024 C:\Temp\Frederick Noad\converted\24 Etude In D By Fernando Sor.mp3
15025 C:\Temp\Frederick Noad\converted\25 Etude In B Minor By Fernando Sor.mp3
15026 C:\Temp\Frederick Noad\converted\26 Pavan In A Minor By Gaspar Sanz.mp3
15027 C:\Temp\Frederick Noad\converted\27 Prolude By Robert De Visee.mp3
15028 C:\Temp\Frederick Noad\converted\28 Allemand By Robert De Visee.mp3
15029 C:\Temp\Frederick Noad\converted\29 Saraband By Robert De Visee.mp3
15030 C:\Temp\Frederick Noad\converted\30 Gigue By Robert De Visee.mp3
15031 C:\Temp\Frederick Noad\converted\31 Etude In A By Matteo Carcassi.mp3
15032 C:\Temp\Frederick Noad\converted\32 Etude In F By Matteo Carcassi.mp3
15033 C:\Temp\Frederick Noad\converted\33 Minuet In C By Fernando Sor.mp3
15034 C:\Temp\Frederick Noad\converted\34 Andantino By Mauro Giuliani.mp3
15035 C:\Temp\Frederick Noad\converted\35 Andante By Dionisio Aguado.mp3
15036 C:\Temp\Frederick Noad\converted\36 Etude In C By Fernando Sor.mp3
15037 C:\Temp\Frederick Noad\converted\37 Adelita By Francisco Tarrego.mp3
15038 C:\Temp\Frederick Noad\converted\38 Lagrima By Francisco Tarrego.mp3
15039 C:\Temp\Frederick Noad\converted\39 Romance.mp3
15040 C:\Temp\Frederick Noad\converted\40 El Testamen De N'Amelia By Miguel.mp3