15000 main
15001 C:\Tata\Audio\Glazba\Skolska knjiga\Razigrani zvuci 1_Pjevajmo\01 Track 1.mp3
15002 C:\Tata\Audio\Glazba\Skolska knjiga\Razigrani zvuci 1_Pjevajmo\02 Track 2.mp3
15003 C:\Tata\Audio\Glazba\Skolska knjiga\Razigrani zvuci 1_Pjevajmo\03 Track 3.mp3
15004 C:\Tata\Audio\Glazba\Skolska knjiga\Razigrani zvuci 1_Pjevajmo\04 Track 4.mp3
15005 C:\Tata\Audio\Glazba\Skolska knjiga\Razigrani zvuci 1_Pjevajmo\05 Track 5.mp3
15006 C:\Tata\Audio\Glazba\Skolska knjiga\Razigrani zvuci 1_Pjevajmo\06 Track 6.mp3
15007 C:\Tata\Audio\Glazba\Skolska knjiga\Razigrani zvuci 1_Pjevajmo\07 Track 7.mp3
15008 C:\Tata\Audio\Glazba\Skolska knjiga\Razigrani zvuci 1_Pjevajmo\08 Track 8.mp3
15009 C:\Tata\Audio\Glazba\Skolska knjiga\Razigrani zvuci 1_Pjevajmo\09 Track 9.mp3
15010 C:\Tata\Audio\Glazba\Skolska knjiga\Razigrani zvuci 1_Pjevajmo\10 Track 10.mp3
15011 C:\Tata\Audio\Glazba\Skolska knjiga\Razigrani zvuci 1_Pjevajmo\11 Track 11.mp3
15012 C:\Tata\Audio\Glazba\Skolska knjiga\Razigrani zvuci 1_Pjevajmo\12 Track 12.mp3
15013 C:\Tata\Audio\Glazba\Skolska knjiga\Razigrani zvuci 1_Pjevajmo\13 Track 13.mp3
15014 C:\Tata\Audio\Glazba\Skolska knjiga\Razigrani zvuci 1_Pjevajmo\14 Track 14.mp3
15015 C:\Tata\Audio\Glazba\Skolska knjiga\Razigrani zvuci 1_Pjevajmo\15 Track 15.mp3
15016 C:\Tata\Audio\Glazba\Skolska knjiga\Razigrani zvuci 1_Pjevajmo\16 Track 16.mp3
15017 C:\Tata\Audio\Glazba\Skolska knjiga\Razigrani zvuci 1_Pjevajmo\17 Track 17.mp3
15018 C:\Tata\Audio\Glazba\Skolska knjiga\Razigrani zvuci 1_Pjevajmo\18 Track 18.mp3
15019 C:\Tata\Audio\Glazba\Skolska knjiga\Razigrani zvuci 1_Pjevajmo\19 Track 19.mp3
15020 C:\Tata\Audio\Glazba\Skolska knjiga\Razigrani zvuci 1_Pjevajmo\20 Track 20.mp3
15021 C:\Tata\Audio\Glazba\Skolska knjiga\Razigrani zvuci 1_Pjevajmo\21 Track 21.mp3
15022 C:\Tata\Audio\Glazba\Skolska knjiga\Razigrani zvuci 1_Pjevajmo\22 Track 22.mp3
15023 C:\Tata\Audio\Glazba\Skolska knjiga\Razigrani zvuci 1_Pjevajmo\23 Track 23.mp3
15024 C:\Tata\Audio\Glazba\Skolska knjiga\Razigrani zvuci 1_Pjevajmo\24 Track 24.mp3
15025 C:\Tata\Audio\Glazba\Skolska knjiga\Razigrani zvuci 1_Pjevajmo\25 Track 25.mp3
15026 C:\Tata\Audio\Glazba\Skolska knjiga\Razigrani zvuci 1_Pjevajmo\26 Track 26.mp3
15027 C:\Tata\Audio\Glazba\Skolska knjiga\Razigrani zvuci 1_Pjevajmo\27 Track 27.mp3
15028 C:\Tata\Audio\Glazba\Skolska knjiga\Razigrani zvuci 1_Pjevajmo\28 Track 28.mp3
15029 C:\Tata\Audio\Glazba\Skolska knjiga\Razigrani zvuci 1_Pjevajmo\29 Track 29.mp3
15030 C:\Tata\Audio\Glazba\Skolska knjiga\Razigrani zvuci 1_Pjevajmo\30 Track 30.mp3
15031 C:\Tata\Audio\Glazba\Skolska knjiga\Razigrani zvuci 1_Pjevajmo\31 Track 31.mp3
15032 C:\Tata\Audio\Glazba\Skolska knjiga\Razigrani zvuci 1_Pjevajmo\32 Track 32.mp3
15033 C:\Tata\Audio\Glazba\Skolska knjiga\Razigrani zvuci 1_Pjevajmo\33 Track 33.mp3
15034 C:\Tata\Audio\Glazba\Skolska knjiga\Razigrani zvuci 1_Pjevajmo\34 Track 34.mp3
15035 C:\Tata\Audio\Glazba\Skolska knjiga\Razigrani zvuci 1_Pjevajmo\35 Track 35.mp3
15036 C:\Tata\Audio\Glazba\Skolska knjiga\Razigrani zvuci 1_Pjevajmo\36 Track 36.mp3
15037 C:\Tata\Audio\Glazba\Skolska knjiga\Razigrani zvuci 1_Pjevajmo\37 Track 37.mp3