15000 main
15001 D:\video\converted\Bullhit ft. Ivanka Boljkovac_Tko te parkiro (Time to say goodbye).mp3
15002 D:\video\converted\Bullhit_Adio, trebe (Dio tebe).mp3
15003 D:\video\converted\Bullhit_Bakalar (Havana).mp3
15004 D:\video\converted\Bullhit_Bojenje jaja (Teške boje).mp3
15005 D:\video\converted\Bullhit_Dizel (Umbrella).mp3
15006 D:\video\converted\Bullhit_Gluteus Maximus (Ju te san se zajubija).mp3
15007 D:\video\converted\Bullhit_Ispriènica za bolovanje (Nema te).mp3
15008 D:\video\converted\Bullhit_Krpelj (Idgaf).mp3
15009 D:\video\converted\Bullhit_Maslac (Wild Thoughts).mp3
15010 D:\video\converted\Bullhit_Mrak (Waka Waka).mp3
15011 D:\video\converted\Bullhit_Od bora do bora (Od mora do mora).mp3
15012 D:\video\converted\Bullhit_Peska Sitnog (Despacito).mp3
15013 D:\video\converted\Bullhit_Poskupljenje benzina (Benzina).mp3
15014 D:\video\converted\Bullhit_Roka Ga (Rockaby).mp3
15015 D:\video\converted\Bullhit_Sifoni (Symphony).mp3
15016 D:\video\converted\Bullhit_Vratila se ura!.mp3
15017 D:\video\converted\Perlice_Vještica.mp3
15018 D:\video\converted\Smejko a Tanculienka - Vlk a zajaèik (rozprávka).mp3