15000 main
15001 E:\DrSeuss\Dr Seuss_ABC_Narrated by Rik Mayall\01-Book Title.mp3
15002 E:\DrSeuss\Dr Seuss_ABC_Narrated by Rik Mayall\02-A.mp3
15003 E:\DrSeuss\Dr Seuss_ABC_Narrated by Rik Mayall\03-A2.mp3
15004 E:\DrSeuss\Dr Seuss_ABC_Narrated by Rik Mayall\04-B.mp3
15005 E:\DrSeuss\Dr Seuss_ABC_Narrated by Rik Mayall\05-B2.mp3
15006 E:\DrSeuss\Dr Seuss_ABC_Narrated by Rik Mayall\06-C.mp3
15007 E:\DrSeuss\Dr Seuss_ABC_Narrated by Rik Mayall\07-D.mp3
15008 E:\DrSeuss\Dr Seuss_ABC_Narrated by Rik Mayall\08-E.mp3
15009 E:\DrSeuss\Dr Seuss_ABC_Narrated by Rik Mayall\09-F.mp3
15010 E:\DrSeuss\Dr Seuss_ABC_Narrated by Rik Mayall\10-G.mp3
15011 E:\DrSeuss\Dr Seuss_ABC_Narrated by Rik Mayall\11-H.mp3
15012 E:\DrSeuss\Dr Seuss_ABC_Narrated by Rik Mayall\12-I.mp3
15013 E:\DrSeuss\Dr Seuss_ABC_Narrated by Rik Mayall\13-J.mp3
15014 E:\DrSeuss\Dr Seuss_ABC_Narrated by Rik Mayall\14-K.mp3
15015 E:\DrSeuss\Dr Seuss_ABC_Narrated by Rik Mayall\15-L.mp3
15016 E:\DrSeuss\Dr Seuss_ABC_Narrated by Rik Mayall\16-M.mp3
15017 E:\DrSeuss\Dr Seuss_ABC_Narrated by Rik Mayall\17-N.mp3
15018 E:\DrSeuss\Dr Seuss_ABC_Narrated by Rik Mayall\18-O.mp3
15019 E:\DrSeuss\Dr Seuss_ABC_Narrated by Rik Mayall\19-P.mp3
15020 E:\DrSeuss\Dr Seuss_ABC_Narrated by Rik Mayall\20-P2.mp3
15021 E:\DrSeuss\Dr Seuss_ABC_Narrated by Rik Mayall\21-Q.mp3
15022 E:\DrSeuss\Dr Seuss_ABC_Narrated by Rik Mayall\22-R.mp3
15023 E:\DrSeuss\Dr Seuss_ABC_Narrated by Rik Mayall\23-S.mp3
15024 E:\DrSeuss\Dr Seuss_ABC_Narrated by Rik Mayall\24-T.mp3
15025 E:\DrSeuss\Dr Seuss_ABC_Narrated by Rik Mayall\25-U.mp3
15026 E:\DrSeuss\Dr Seuss_ABC_Narrated by Rik Mayall\26-V.mp3
15027 E:\DrSeuss\Dr Seuss_ABC_Narrated by Rik Mayall\27-W.mp3
15028 E:\DrSeuss\Dr Seuss_ABC_Narrated by Rik Mayall\28-X.mp3
15029 E:\DrSeuss\Dr Seuss_ABC_Narrated by Rik Mayall\29-Y.mp3
15030 E:\DrSeuss\Dr Seuss_ABC_Narrated by Rik Mayall\30-PreZ.mp3
15031 E:\DrSeuss\Dr Seuss_ABC_Narrated by Rik Mayall\31-Z.mp3
15032 E:\DrSeuss\Dr Seuss_ABC_Narrated by Rik Mayall\32-Z2.mp3
15033 E:\DrSeuss\Dr Seuss_ABC_Narrated by Rik Mayall\33-End.mp3