15000 main
15001 C:\Tata\Audio\Language\German\Giorgio Motta, Mirjana Klobučar\Wir+2 Udžbenik njemačkog jezika za 5. razred osnovne škole 2. godina učenja\01 Track 1.mp3
15002 C:\Tata\Audio\Language\German\Giorgio Motta, Mirjana Klobučar\Wir+2 Udžbenik njemačkog jezika za 5. razred osnovne škole 2. godina učenja\02 Track 2.mp3
15003 C:\Tata\Audio\Language\German\Giorgio Motta, Mirjana Klobučar\Wir+2 Udžbenik njemačkog jezika za 5. razred osnovne škole 2. godina učenja\03 Track 3.mp3
15004 C:\Tata\Audio\Language\German\Giorgio Motta, Mirjana Klobučar\Wir+2 Udžbenik njemačkog jezika za 5. razred osnovne škole 2. godina učenja\04 Track 4.mp3
15005 C:\Tata\Audio\Language\German\Giorgio Motta, Mirjana Klobučar\Wir+2 Udžbenik njemačkog jezika za 5. razred osnovne škole 2. godina učenja\05 Track 5.mp3
15006 C:\Tata\Audio\Language\German\Giorgio Motta, Mirjana Klobučar\Wir+2 Udžbenik njemačkog jezika za 5. razred osnovne škole 2. godina učenja\06 Track 6.mp3
15007 C:\Tata\Audio\Language\German\Giorgio Motta, Mirjana Klobučar\Wir+2 Udžbenik njemačkog jezika za 5. razred osnovne škole 2. godina učenja\07 Track 7.mp3
15008 C:\Tata\Audio\Language\German\Giorgio Motta, Mirjana Klobučar\Wir+2 Udžbenik njemačkog jezika za 5. razred osnovne škole 2. godina učenja\08 Track 8.mp3
15009 C:\Tata\Audio\Language\German\Giorgio Motta, Mirjana Klobučar\Wir+2 Udžbenik njemačkog jezika za 5. razred osnovne škole 2. godina učenja\09 Track 9.mp3
15010 C:\Tata\Audio\Language\German\Giorgio Motta, Mirjana Klobučar\Wir+2 Udžbenik njemačkog jezika za 5. razred osnovne škole 2. godina učenja\10 Track 10.mp3
15011 C:\Tata\Audio\Language\German\Giorgio Motta, Mirjana Klobučar\Wir+2 Udžbenik njemačkog jezika za 5. razred osnovne škole 2. godina učenja\11 Track 11.mp3
15012 C:\Tata\Audio\Language\German\Giorgio Motta, Mirjana Klobučar\Wir+2 Udžbenik njemačkog jezika za 5. razred osnovne škole 2. godina učenja\12 Track 12.mp3
15013 C:\Tata\Audio\Language\German\Giorgio Motta, Mirjana Klobučar\Wir+2 Udžbenik njemačkog jezika za 5. razred osnovne škole 2. godina učenja\13 Track 13.mp3
15014 C:\Tata\Audio\Language\German\Giorgio Motta, Mirjana Klobučar\Wir+2 Udžbenik njemačkog jezika za 5. razred osnovne škole 2. godina učenja\14 Track 14.mp3
15015 C:\Tata\Audio\Language\German\Giorgio Motta, Mirjana Klobučar\Wir+2 Udžbenik njemačkog jezika za 5. razred osnovne škole 2. godina učenja\15 Track 15.mp3
15016 C:\Tata\Audio\Language\German\Giorgio Motta, Mirjana Klobučar\Wir+2 Udžbenik njemačkog jezika za 5. razred osnovne škole 2. godina učenja\16 Track 16.mp3
15017 C:\Tata\Audio\Language\German\Giorgio Motta, Mirjana Klobučar\Wir+2 Udžbenik njemačkog jezika za 5. razred osnovne škole 2. godina učenja\17 Track 17.mp3
15018 C:\Tata\Audio\Language\German\Giorgio Motta, Mirjana Klobučar\Wir+2 Udžbenik njemačkog jezika za 5. razred osnovne škole 2. godina učenja\18 Track 18.mp3
15019 C:\Tata\Audio\Language\German\Giorgio Motta, Mirjana Klobučar\Wir+2 Udžbenik njemačkog jezika za 5. razred osnovne škole 2. godina učenja\19 Track 19.mp3
15020 C:\Tata\Audio\Language\German\Giorgio Motta, Mirjana Klobučar\Wir+2 Udžbenik njemačkog jezika za 5. razred osnovne škole 2. godina učenja\20 Track 20.mp3
15021 C:\Tata\Audio\Language\German\Giorgio Motta, Mirjana Klobučar\Wir+2 Udžbenik njemačkog jezika za 5. razred osnovne škole 2. godina učenja\21 Track 21.mp3
15022 C:\Tata\Audio\Language\German\Giorgio Motta, Mirjana Klobučar\Wir+2 Udžbenik njemačkog jezika za 5. razred osnovne škole 2. godina učenja\22 Track 22.mp3
15023 C:\Tata\Audio\Language\German\Giorgio Motta, Mirjana Klobučar\Wir+2 Udžbenik njemačkog jezika za 5. razred osnovne škole 2. godina učenja\23 Track 23.mp3
15024 C:\Tata\Audio\Language\German\Giorgio Motta, Mirjana Klobučar\Wir+2 Udžbenik njemačkog jezika za 5. razred osnovne škole 2. godina učenja\24 Track 24.mp3
15025 C:\Tata\Audio\Language\German\Giorgio Motta, Mirjana Klobučar\Wir+2 Udžbenik njemačkog jezika za 5. razred osnovne škole 2. godina učenja\25 Track 25.mp3
15026 C:\Tata\Audio\Language\German\Giorgio Motta, Mirjana Klobučar\Wir+2 Udžbenik njemačkog jezika za 5. razred osnovne škole 2. godina učenja\26 Track 26.mp3
15027 C:\Tata\Audio\Language\German\Giorgio Motta, Mirjana Klobučar\Wir+2 Udžbenik njemačkog jezika za 5. razred osnovne škole 2. godina učenja\27 Track 27.mp3
15028 C:\Tata\Audio\Language\German\Giorgio Motta, Mirjana Klobučar\Wir+2 Udžbenik njemačkog jezika za 5. razred osnovne škole 2. godina učenja\28 Track 28.mp3
15029 C:\Tata\Audio\Language\German\Giorgio Motta, Mirjana Klobučar\Wir+2 Udžbenik njemačkog jezika za 5. razred osnovne škole 2. godina učenja\29 Track 29.mp3
15030 C:\Tata\Audio\Language\German\Giorgio Motta, Mirjana Klobučar\Wir+2 Udžbenik njemačkog jezika za 5. razred osnovne škole 2. godina učenja\30 Track 30.mp3
15031 C:\Tata\Audio\Language\German\Giorgio Motta, Mirjana Klobučar\Wir+2 Udžbenik njemačkog jezika za 5. razred osnovne škole 2. godina učenja\31 Track 31.mp3
15032 C:\Tata\Audio\Language\German\Giorgio Motta, Mirjana Klobučar\Wir+2 Udžbenik njemačkog jezika za 5. razred osnovne škole 2. godina učenja\32 Track 32.mp3
15033 C:\Tata\Audio\Language\German\Giorgio Motta, Mirjana Klobučar\Wir+2 Udžbenik njemačkog jezika za 5. razred osnovne škole 2. godina učenja\33 Track 33.mp3
15034 C:\Tata\Audio\Language\German\Giorgio Motta, Mirjana Klobučar\Wir+2 Udžbenik njemačkog jezika za 5. razred osnovne škole 2. godina učenja\34 Track 34.mp3
15035 C:\Tata\Audio\Language\German\Giorgio Motta, Mirjana Klobučar\Wir+2 Udžbenik njemačkog jezika za 5. razred osnovne škole 2. godina učenja\35 Track 35.mp3
15036 C:\Tata\Audio\Language\German\Giorgio Motta, Mirjana Klobučar\Wir+2 Udžbenik njemačkog jezika za 5. razred osnovne škole 2. godina učenja\36 Track 36.mp3
15037 C:\Tata\Audio\Language\German\Giorgio Motta, Mirjana Klobučar\Wir+2 Udžbenik njemačkog jezika za 5. razred osnovne škole 2. godina učenja\37 Track 37.mp3
15038 C:\Tata\Audio\Language\German\Giorgio Motta, Mirjana Klobučar\Wir+2 Udžbenik njemačkog jezika za 5. razred osnovne škole 2. godina učenja\38 Track 38.mp3
15039 C:\Tata\Audio\Language\German\Giorgio Motta, Mirjana Klobučar\Wir+2 Udžbenik njemačkog jezika za 5. razred osnovne škole 2. godina učenja\39 Track 39.mp3
15040 C:\Tata\Audio\Language\German\Giorgio Motta, Mirjana Klobučar\Wir+2 Udžbenik njemačkog jezika za 5. razred osnovne škole 2. godina učenja\40 Track 40.mp3
15041 C:\Tata\Audio\Language\German\Giorgio Motta, Mirjana Klobučar\Wir+2 Udžbenik njemačkog jezika za 5. razred osnovne škole 2. godina učenja\41 Track 41.mp3
15042 C:\Tata\Audio\Language\German\Giorgio Motta, Mirjana Klobučar\Wir+2 Udžbenik njemačkog jezika za 5. razred osnovne škole 2. godina učenja\42 Track 42.mp3
15043 C:\Tata\Audio\Language\German\Giorgio Motta, Mirjana Klobučar\Wir+2 Udžbenik njemačkog jezika za 5. razred osnovne škole 2. godina učenja\43 Track 43.mp3
15044 C:\Tata\Audio\Language\German\Giorgio Motta, Mirjana Klobučar\Wir+2 Udžbenik njemačkog jezika za 5. razred osnovne škole 2. godina učenja\44 Track 44.mp3
15045 C:\Tata\Audio\Language\German\Giorgio Motta, Mirjana Klobučar\Wir+2 Udžbenik njemačkog jezika za 5. razred osnovne škole 2. godina učenja\45 Track 45.mp3
15046 C:\Tata\Audio\Language\German\Giorgio Motta, Mirjana Klobučar\Wir+2 Udžbenik njemačkog jezika za 5. razred osnovne škole 2. godina učenja\46 Track 46.mp3
15047 C:\Tata\Audio\Language\German\Giorgio Motta, Mirjana Klobučar\Wir+2 Udžbenik njemačkog jezika za 5. razred osnovne škole 2. godina učenja\47 Track 47.mp3
15048 C:\Tata\Audio\Language\German\Giorgio Motta, Mirjana Klobučar\Wir+2 Udžbenik njemačkog jezika za 5. razred osnovne škole 2. godina učenja\48 Track 48.mp3
15049 C:\Tata\Audio\Language\German\Giorgio Motta, Mirjana Klobučar\Wir+2 Udžbenik njemačkog jezika za 5. razred osnovne škole 2. godina učenja\49 Track 49.mp3
15050 C:\Tata\Audio\Language\German\Giorgio Motta, Mirjana Klobučar\Wir+2 Udžbenik njemačkog jezika za 5. razred osnovne škole 2. godina učenja\50 Track 50.mp3
15051 C:\Tata\Audio\Language\German\Giorgio Motta, Mirjana Klobučar\Wir+2 Udžbenik njemačkog jezika za 5. razred osnovne škole 2. godina učenja\51 Track 51.mp3
15052 C:\Tata\Audio\Language\German\Giorgio Motta, Mirjana Klobučar\Wir+2 Udžbenik njemačkog jezika za 5. razred osnovne škole 2. godina učenja\52 Track 52.mp3
15053 C:\Tata\Audio\Language\German\Giorgio Motta, Mirjana Klobučar\Wir+2 Udžbenik njemačkog jezika za 5. razred osnovne škole 2. godina učenja\53 Track 53.mp3
15054 C:\Tata\Audio\Language\German\Giorgio Motta, Mirjana Klobučar\Wir+2 Udžbenik njemačkog jezika za 5. razred osnovne škole 2. godina učenja\54 Track 54.mp3
15055 C:\Tata\Audio\Language\German\Giorgio Motta, Mirjana Klobučar\Wir+2 Udžbenik njemačkog jezika za 5. razred osnovne škole 2. godina učenja\55 Track 55.mp3
15056 C:\Tata\Audio\Language\German\Giorgio Motta, Mirjana Klobučar\Wir+2 Udžbenik njemačkog jezika za 5. razred osnovne škole 2. godina učenja\56 Track 56.mp3
15057 C:\Tata\Audio\Language\German\Giorgio Motta, Mirjana Klobučar\Wir+2 Udžbenik njemačkog jezika za 5. razred osnovne škole 2. godina učenja\57 Track 57.mp3